<!DOCTYPE html>
<html>
<head lang="en">
    <meta charset="UTF-8">
    <title></title>
    <link rel="stylesheet" href="../../test/fixtures/css/sample.css"/>
</head>
<body>
Sample HTML file.
<script type="text/javascript" src="../../test/fixtures/js/sample.js"></script>
</body>
</html>